
> new_project@0.0.0 build
> tsc -b && vite build

src/components/layout/DashboardLayout.tsx(4,10): error TS6133: 'AnimatePresence' is declared but its value is never read.
src/components/ui/NavBar.tsx(3,116): error TS6133: 'Shield' is declared but its value is never read.
